Match  1/50: 37.5s (ETA: 30.6min)
Match  2/50: 32.4s (ETA: 28.0min)
Match  3/50: 37.2s (ETA: 27.9min)
Match  4/50: 35.2s (ETA: 27.3min)
Match  5/50: 32.3s (ETA: 26.2min)
Match  6/50: 31.3s (ETA: 25.2min)
Match  7/50: 31.9s (ETA: 24.3min)
Match  8/50: 31.7s (ETA: 23.6min)
Match  9/50: 32.8s (ETA: 22.9min)
Match 10/50: 32.8s (ETA: 22.3min)
Match 11/50: 29.2s (ETA: 21.5min)
Match 12/50: 26.5s (ETA: 20.6min)
Match 13/50: 32.8s (ETA: 20.1min)
Match 14/50: 31.4s (ETA: 19.5min)
Match 15/50: 28.5s (ETA: 18.8min)
Match 16/50: 31.9s (ETA: 18.2min)
Match 17/50: 27.2s (ETA: 17.6min)
Match 18/50: 26.9s (ETA: 16.9min)
Match 19/50: 26.9s (ETA: 16.2min)
Match 20/50: 27.0s (ETA: 15.6min)
Match 21/50: 28.6s (ETA: 15.0min)
Match 22/50: 28.1s (ETA: 14.4min)
Match 23/50: 28.5s (ETA: 13.9min)
Match 24/50: 29.8s (ETA: 13.3min)
Match 25/50: 29.5s (ETA: 12.8min)
Match 26/50: 27.5s (ETA: 12.2min)
Match 27/50: 30.7s (ETA: 11.7min)
Match 28/50: 30.2s (ETA: 11.2min)
Match 29/50: 26.4s (ETA: 10.6min)
Match 30/50: 31.5s (ETA: 10.2min)
Match 31/50: 32.2s (ETA: 9.7min)
Match 32/50: 28.0s (ETA: 9.1min)
Match 33/50: 24.9s (ETA: 8.6min)
Match 34/50: 27.6s (ETA: 8.1min)
Match 35/50: 32.8s (ETA: 7.6min)
Match 36/50: 32.2s (ETA: 7.1min)
Match 37/50: 35.8s (ETA: 6.6min)
Match 38/50: 31.5s (ETA: 6.1min)
Match 39/50: 30.8s (ETA: 5.6min)
Match 40/50: 33.7s (ETA: 5.1min)
Match 41/50: 32.2s (ETA: 4.6min)
Match 42/50: 33.4s (ETA: 4.1min)
Match 43/50: 32.1s (ETA: 3.6min)
Match 44/50: 36.1s (ETA: 3.1min)
Match 45/50: 36.9s (ETA: 2.6min)
Match 46/50: 38.3s (ETA: 2.1min)
Match 47/50: 37.9s (ETA: 1.6min)
Match 48/50: 42.0s (ETA: 1.1min)
Match 49/50: 42.0s (ETA: 0.5min)
Match 50/50: 43.4s (ETA: 0.0min)

Test complete! Results saved to:
C:\Users\gnecc\Documents\Footbal manager\TIER2_TEST_RESULTS.txt
Total time: 26.6 minutes
